// Jest Snapshot v1, https://goo.gl/fbAQLP

exports[`Quote Tests Checks match with the snapshot 1`] = `
<h3
  className="quote"
>
  Mathematics is not about numbers, equations, computations, or algorithms: it is about understanding. â€“William Paul Thurston
</h3>
`;
